Archive member included to satisfy reference by file (symbol)

C:/ST/STM32CubeIDE_1.16.0/STM32CubeIDE/plugins/com.st.stm32cube.ide.mcu.externaltools.gnu-tools-for-stm32.12.3.rel1.win32_1.0.200.202406191623/tools/bin/../lib/gcc/arm-none-eabi/12.3.1/../../../../arm-none-eabi/lib/thumb/v7e-m+fp/hard\libc_nano.a(libc_a-exit.o)
                              C:/ST/STM32CubeIDE_1.16.0/STM32CubeIDE/plugins/com.st.stm32cube.ide.mcu.externaltools.gnu-tools-for-stm32.12.3.rel1.win32_1.0.200.202406191623/tools/bin/../lib/gcc/arm-none-eabi/12.3.1/../../../../arm-none-eabi/lib/thumb/v7e-m+fp/hard/crt0.o (exit)
C:/ST/STM32CubeIDE_1.16.0/STM32CubeIDE/plugins/com.st.stm32cube.ide.mcu.externaltools.gnu-tools-for-stm32.12.3.rel1.win32_1.0.200.202406191623/tools/bin/../lib/gcc/arm-none-eabi/12.3.1/../../../../arm-none-eabi/lib/thumb/v7e-m+fp/hard\libc_nano.a(libc_a-findfp.o)
                              C:/ST/STM32CubeIDE_1.16.0/STM32CubeIDE/plugins/com.st.stm32cube.ide.mcu.externaltools.gnu-tools-for-stm32.12.3.rel1.win32_1.0.200.202406191623/tools/bin/../lib/gcc/arm-none-eabi/12.3.1/../../../../arm-none-eabi/lib/thumb/v7e-m+fp/hard\libc_nano.a(libc_a-exit.o) (__stdio_exit_handler)
C:/ST/STM32CubeIDE_1.16.0/STM32CubeIDE/plugins/com.st.stm32cube.ide.mcu.externaltools.gnu-tools-for-stm32.12.3.rel1.win32_1.0.200.202406191623/tools/bin/../lib/gcc/arm-none-eabi/12.3.1/../../../../arm-none-eabi/lib/thumb/v7e-m+fp/hard\libc_nano.a(libc_a-fwalk.o)
                              C:/ST/STM32CubeIDE_1.16.0/STM32CubeIDE/plugins/com.st.stm32cube.ide.mcu.externaltools.gnu-tools-for-stm32.12.3.rel1.win32_1.0.200.202406191623/tools/bin/../lib/gcc/arm-none-eabi/12.3.1/../../../../arm-none-eabi/lib/thumb/v7e-m+fp/hard\libc_nano.a(libc_a-findfp.o) (_fwalk_sglue)
C:/ST/STM32CubeIDE_1.16.0/STM32CubeIDE/plugins/com.st.stm32cube.ide.mcu.externaltools.gnu-tools-for-stm32.12.3.rel1.win32_1.0.200.202406191623/tools/bin/../lib/gcc/arm-none-eabi/12.3.1/../../../../arm-none-eabi/lib/thumb/v7e-m+fp/hard\libc_nano.a(libc_a-stdio.o)
                              C:/ST/STM32CubeIDE_1.16.0/STM32CubeIDE/plugins/com.st.stm32cube.ide.mcu.externaltools.gnu-tools-for-stm32.12.3.rel1.win32_1.0.200.202406191623/tools/bin/../lib/gcc/arm-none-eabi/12.3.1/../../../../arm-none-eabi/lib/thumb/v7e-m+fp/hard\libc_nano.a(libc_a-findfp.o) (__sread)
C:/ST/STM32CubeIDE_1.16.0/STM32CubeIDE/plugins/com.st.stm32cube.ide.mcu.externaltools.gnu-tools-for-stm32.12.3.rel1.win32_1.0.200.202406191623/tools/bin/../lib/gcc/arm-none-eabi/12.3.1/../../../../arm-none-eabi/lib/thumb/v7e-m+fp/hard\libc_nano.a(libc_a-memset.o)
                              C:/ST/STM32CubeIDE_1.16.0/STM32CubeIDE/plugins/com.st.stm32cube.ide.mcu.externaltools.gnu-tools-for-stm32.12.3.rel1.win32_1.0.200.202406191623/tools/bin/../lib/gcc/arm-none-eabi/12.3.1/../../../../arm-none-eabi/lib/thumb/v7e-m+fp/hard/crt0.o (memset)
C:/ST/STM32CubeIDE_1.16.0/STM32CubeIDE/plugins/com.st.stm32cube.ide.mcu.externaltools.gnu-tools-for-stm32.12.3.rel1.win32_1.0.200.202406191623/tools/bin/../lib/gcc/arm-none-eabi/12.3.1/../../../../arm-none-eabi/lib/thumb/v7e-m+fp/hard\libc_nano.a(libc_a-closer.o)
                              C:/ST/STM32CubeIDE_1.16.0/STM32CubeIDE/plugins/com.st.stm32cube.ide.mcu.externaltools.gnu-tools-for-stm32.12.3.rel1.win32_1.0.200.202406191623/tools/bin/../lib/gcc/arm-none-eabi/12.3.1/../../../../arm-none-eabi/lib/thumb/v7e-m+fp/hard\libc_nano.a(libc_a-stdio.o) (_close_r)
C:/ST/STM32CubeIDE_1.16.0/STM32CubeIDE/plugins/com.st.stm32cube.ide.mcu.externaltools.gnu-tools-for-stm32.12.3.rel1.win32_1.0.200.202406191623/tools/bin/../lib/gcc/arm-none-eabi/12.3.1/../../../../arm-none-eabi/lib/thumb/v7e-m+fp/hard\libc_nano.a(libc_a-reent.o)
                              C:/ST/STM32CubeIDE_1.16.0/STM32CubeIDE/plugins/com.st.stm32cube.ide.mcu.externaltools.gnu-tools-for-stm32.12.3.rel1.win32_1.0.200.202406191623/tools/bin/../lib/gcc/arm-none-eabi/12.3.1/../../../../arm-none-eabi/lib/thumb/v7e-m+fp/hard\libc_nano.a(libc_a-closer.o) (errno)
C:/ST/STM32CubeIDE_1.16.0/STM32CubeIDE/plugins/com.st.stm32cube.ide.mcu.externaltools.gnu-tools-for-stm32.12.3.rel1.win32_1.0.200.202406191623/tools/bin/../lib/gcc/arm-none-eabi/12.3.1/../../../../arm-none-eabi/lib/thumb/v7e-m+fp/hard\libc_nano.a(libc_a-impure.o)
                              C:/ST/STM32CubeIDE_1.16.0/STM32CubeIDE/plugins/com.st.stm32cube.ide.mcu.externaltools.gnu-tools-for-stm32.12.3.rel1.win32_1.0.200.202406191623/tools/bin/../lib/gcc/arm-none-eabi/12.3.1/../../../../arm-none-eabi/lib/thumb/v7e-m+fp/hard\libc_nano.a(libc_a-reent.o) (_impure_ptr)
C:/ST/STM32CubeIDE_1.16.0/STM32CubeIDE/plugins/com.st.stm32cube.ide.mcu.externaltools.gnu-tools-for-stm32.12.3.rel1.win32_1.0.200.202406191623/tools/bin/../lib/gcc/arm-none-eabi/12.3.1/../../../../arm-none-eabi/lib/thumb/v7e-m+fp/hard\libc_nano.a(libc_a-lseekr.o)
[...]
Memory Configuration

Name             Origin             Length             Attributes
RAM              0x20000000         0x00020000         xrw
FLASH            0x08000000         0x00080000         xr
*default*        0x00000000         0xffffffff

Linker script and memory map

LOAD C:/ST/STM32CubeIDE_1.16.0/STM32CubeIDE/plugins/com.st.stm32cube.ide.mcu.externaltools.gnu-tools-for-stm32.12.3.rel1.win32_1.0.200.202406191623/tools/bin/../lib/gcc/arm-none-eabi/12.3.1/thumb/v7e-m+fp/hard/crti.o
LOAD C:/ST/STM32CubeIDE_1.16.0/STM32CubeIDE/plugins/com.st.stm32cube.ide.mcu.externaltools.gnu-tools-for-stm32.12.3.rel1.win32_1.0.200.202406191623/tools/bin/../lib/gcc/arm-none-eabi/12.3.1/thumb/v7e-m+fp/hard/crtbegin.o
LOAD C:/ST/STM32CubeIDE_1.16.0/STM32CubeIDE/plugins/com.st.stm32cube.ide.mcu.externaltools.gnu-tools-for-stm32.12.3.rel1.win32_1.0.200.202406191623/tools/bin/../lib/gcc/arm-none-eabi/12.3.1/../../../../arm-none-eabi/lib/thumb/v7e-m+fp/hard/crt0.o
LOAD ./Core/Src/font.o
LOAD ./Core/Src/graficos.o
LOAD ./Core/Src/ili9341.o
LOAD ./Core/Src/main.o
LOAD ./Core/Src/stm32f4xx_hal_msp.o
LOAD ./Core/Src/stm32f4xx_it.o
LOAD ./Core/Src/syscalls.o
LOAD ./Core/Src/sysmem.o
LOAD ./Core/Src/system_stm32f4xx.o
LOAD ./Core/Startup/startup_stm32f446retx.o
LOAD ./Drivers/STM32F4xx_HAL_Driver/Src/stm32f4xx_hal.o
LOAD ./Drivers/STM32F4xx_HAL_Driver/Src/stm32f4xx_hal_adc.o
LOAD ./Drivers/STM32F4xx_HAL_Driver/Src/stm32f4xx_hal_adc_ex.o
LOAD ./Drivers/STM32F4xx_HAL_Driver/Src/stm32f4xx_hal_cortex.o
LOAD ./Drivers/STM32F4xx_HAL_Driver/Src/stm32f4xx_hal_dma.o
LOAD ./Drivers/STM32F4xx_HAL_Driver/Src/stm32f4xx_hal_dma_ex.o
LOAD ./Drivers/STM32F4xx_HAL_Driver/Src/stm32f4xx_hal_exti.o
LOAD ./Drivers/STM32F4xx_HAL_Driver/Src/stm32f4xx_hal_flash.o
LOAD ./Drivers/STM32F4xx_HAL_Driver/Src/stm32f4xx_hal_flash_ex.o
LOAD ./Drivers/STM32F4xx_HAL_Driver/Src/stm32f4xx_hal_flash_ramfunc.o
LOAD ./Drivers/STM32F4xx_HAL_Driver/Src/stm32f4xx_hal_gpio.o
LOAD ./Drivers/STM32F4xx_HAL_Driver/Src/stm32f4xx_hal_pwr.o
LOAD ./Drivers/STM32F4xx_HAL_Driver/Src/stm32f4xx_hal_pwr_ex.o
LOAD ./Drivers/STM32F4xx_HAL_Driver/Src/stm32f4xx_hal_rcc.o
LOAD ./Drivers/STM32F4xx_HAL_Driver/Src/stm32f4xx_hal_rcc_ex.o
LOAD ./Drivers/STM32F4xx_HAL_Driver/Src/stm32f4xx_hal_spi.o
LOAD ./Drivers/STM32F4xx_HAL_Driver/Src/stm32f4xx_hal_tim.o
LOAD ./Drivers/STM32F4xx_HAL_Driver/Src/stm32f4xx_hal_tim_ex.o
LOAD ./Drivers/STM32F4xx_HAL_Driver/Src/stm32f4xx_ll_adc.o
START GROUP
LOAD C:/ST/STM32CubeIDE_1.16.0/STM32CubeIDE/plugins/com.st.stm32cube.ide.mcu.externaltools.gnu-tools-for-stm32.12.3.rel1.win32_1.0.200.202406191623/tools/bin/../lib/gcc/arm-none-eabi/12.3.1/../../../../arm-none-eabi/lib/thumb/v7e-m+fp/hard\libc_nano.a
LOAD C:/ST/STM32CubeIDE_1.16.0/STM32CubeIDE/plugins/com.st.stm32cube.ide.mcu.externaltools.gnu-tools-for-stm32.12.3.rel1.win32_1.0.200.202406191623/tools/bin/../lib/gcc/arm-none-eabi/12.3.1/../../../../arm-none-eabi/lib/thumb/v7e-m+fp/hard\libm.a
END GROUP
START GROUP
LOAD C:/ST/STM32CubeIDE_1.16.0/STM32CubeIDE/plugins/com.st.stm32cube.ide.mcu.externaltools.gnu-tools-for-stm32.12.3.rel1.win32_1.0.200.202406191623/tools/bin/../lib/gcc/arm-none-eabi/12.3.1/thumb/v7e-m+fp/hard\libgcc.a
LOAD C:/ST/STM32CubeIDE_1.16.0/STM32CubeIDE/plugins/com.st.stm32cube.ide.mcu.externaltools.gnu-tools-for-stm32.12.3.rel1.win32_1.0.200.202406191623/tools/bin/../lib/gcc/arm-none-eabi/12.3.1/../../../../arm-none-eabi/lib/thumb/v7e-m+fp/hard\libc_nano.a
END GROUP
START GROUP
LOAD C:/ST/STM32CubeIDE_1.16.0/STM32CubeIDE/plugins/com.st.stm32cube.ide.mcu.externaltools.gnu-tools-for-stm32.12.3.rel1.win32_1.0.200.202406191623/tools/bin/../lib/gcc/arm-none-eabi/12.3.1/thumb/v7e-m+fp/hard\libgcc.a
LOAD C:/ST/STM32CubeIDE_1.16.0/STM32CubeIDE/plugins/com.st.stm32cube.ide.mcu.externaltools.gnu-tools-for-stm32.12.3.rel1.win32_1.0.200.202406191623/tools/bin/../lib/gcc/arm-none-eabi/12.3.1/../../../../arm-none-eabi/lib/thumb/v7e-m+fp/hard\libc_nano.a
LOAD C:/ST/STM32CubeIDE_1.16.0/STM32CubeIDE/plugins/com.st.stm32cube.ide.mcu.externaltools.gnu-tools-for-stm32.12.3.rel1.win32_1.0.200.202406191623/tools/bin/../lib/gcc/arm-none-eabi/12.3.1/../../../../arm-none-eabi/lib/thumb/v7e-m+fp/hard\libnosys.a
END GROUP
START GROUP
LOAD C:/ST/STM32CubeIDE_1.16.0/STM32CubeIDE/plugins/com.st.stm32cube.ide.mcu.externaltools.gnu-tools-for-stm32.12.3.rel1.win32_1.0.200.202406191623/tools/bin/../lib/gcc/arm-none-eabi/12.3.1/thumb/v7e-m+fp/hard\libgcc.a
LOAD C:/ST/STM32CubeIDE_1.16.0/STM32CubeIDE/plugins/com.st.stm32cube.ide.mcu.externaltools.gnu-tools-for-stm32.12.3.rel1.win32_1.0.200.202406191623/tools/bin/../lib/gcc/arm-none-eabi/12.3.1/../../../../arm-none-eabi/lib/thumb/v7e-m+fp/hard\libc_nano.a
LOAD C:/ST/STM32CubeIDE_1.16.0/STM32CubeIDE/plugins/com.st.stm32cube.ide.mcu.externaltools.gnu-tools-for-stm32.12.3.rel1.win32_1.0.200.202406191623/tools/bin/../lib/gcc/arm-none-eabi/12.3.1/../../../../arm-none-eabi/lib/thumb/v7e-m+fp/hard\libnosys.a
END GROUP
LOAD C:/ST/STM32CubeIDE_1.16.0/STM32CubeIDE/plugins/com.st.stm32cube.ide.mcu.externaltools.gnu-tools-for-stm32.12.3.rel1.win32_1.0.200.202406191623/tools/bin/../lib/gcc/arm-none-eabi/12.3.1/thumb/v7e-m+fp/hard/crtend.o
LOAD C:/ST/STM32CubeIDE_1.16.0/STM32CubeIDE/plugins/com.st.stm32cube.ide.mcu.externaltools.gnu-tools-for-stm32.12.3.rel1.win32_1.0.200.202406191623/tools/bin/../lib/gcc/arm-none-eabi/12.3.1/thumb/v7e-m+fp/hard/crtn.o
                0x20020000                        _estack = (ORIGIN (RAM) + LENGTH (RAM))
                0x00000200                        _Min_Heap_Size = 0x200
                0x00000400                        _Min_Stack_Size = 0x400

.isr_vector     0x08000000      0x1c4
                0x08000000                        . = ALIGN (0x4)
 *(.isr_vector)
 .isr_vector    0x08000000      0x1c4 ./Core/Startup/startup_stm32f446retx.o
                0x08000000                g_pfnVectors
                0x080001c4                        . = ALIGN (0x4)

.text           0x080001c4     0x3d6c
                0x080001c4                        . = ALIGN (0x4)
 *(.text)
 .text          0x080001c4       0x40 C:/ST/STM32CubeIDE_1.16.0/STM32CubeIDE/plugins/com.st.stm32cube.ide.mcu.externaltools.gnu-tools-for-stm32.12.3.rel1.win32_1.0.200.202406191623/tools/bin/../lib/gcc/arm-none-eabi/12.3.1/thumb/v7e-m+fp/hard/crtbegin.o
 .text          0x08000204       0x10 C:/ST/STM32CubeIDE_1.16.0/STM32CubeIDE/plugins/com.st.stm32cube.ide.mcu.externaltools.gnu-tools-for-stm32.12.3.rel1.win32_1.0.200.202406191623/tools/bin/../lib/gcc/arm-none-eabi/12.3.1/../../../../arm-none-eabi/lib/thumb/v7e-m+fp/hard\libc_nano.a(libc_a-strlen.o)
                0x08000204                strlen
 .text          0x08000214       0x30 C:/ST/STM32CubeIDE_1.16.0/STM32CubeIDE/plugins/com.st.stm32cube.ide.mcu.externaltools.gnu-tools-for-stm32.12.3.rel1.win32_1.0.200.202406191623/tools/bin/../lib/gcc/arm-none-eabi/12.3.1/thumb/v7e-m+fp/hard\libgcc.a(_aeabi_uldivmod.o)
                0x08000214                __aeabi_uldivmod
 .text          0x08000244      0x2bc C:/ST/STM32CubeIDE_1.16.0/STM32CubeIDE/plugins/com.st.stm32cube.ide.mcu.externaltools.gnu-tools-for-stm32.12.3.rel1.win32_1.0.200.202406191623/tools/bin/../lib/gcc/arm-none-eabi/12.3.1/thumb/v7e-m+fp/hard\libgcc.a(_udivmoddi4.o)
                0x08000244                __udivmoddi4
 .text          0x08000500        0x4 C:/ST/STM32CubeIDE_1.16.0/STM32CubeIDE/plugins/com.st.stm32cube.ide.mcu.externaltools.gnu-tools-for-stm32.12.3.rel1.win32_1.0.200.202406191623/tools/bin/../lib/gcc/arm-none-eabi/12.3.1/thumb/v7e-m+fp/hard\libgcc.a(_dvmd_tls.o)
                0x08000500                __aeabi_idiv0
                0x08000500                __aeabi_ldiv0
 *(.text*)
 .text.LCD_Init
                0x08000504      0x1f8 ./Core/Src/ili9341.o
                0x08000504                LCD_Init
 .text.LCD_CMD  0x080006fc      0x14c ./Core/Src/ili9341.o
                0x080006fc                LCD_CMD
 .text.LCD_DATA
                0x08000848      0x14c ./Core/Src/ili9341.o
                0x08000848                LCD_DATA
 .text.SetWindows
                0x08000994       0x80 ./Core/Src/ili9341.o
                0x08000994                SetWindows
 .text.LCD_Clear
                0x08000a14       0x88 ./Core/Src/ili9341.o
                0x08000a14                LCD_Clear
 .text.FillRect
                0x08000a9c       0xb4 ./Core/Src/ili9341.o
                0x08000a9c                FillRect
 .text.LCD_Print
                0x08000b50      0x1d8 ./Core/Src/ili9341.o
                0x08000b50                LCD_Print
 .text.LCD_Bitmap
                0x08000d28       0xb4 ./Core/Src/ili9341.o
                0x08000d28                LCD_Bitmap
 .text.LCD_Sprite
                0x08000ddc      0x158 ./Core/Src/ili9341.o
                0x08000ddc                LCD_Sprite
 .text.Read_ADC
                0x08000f34       0x5c ./Core/Src/main.o
                0x08000f34                Read_ADC
 .text.startGame
                0x08000f90      0x384 ./Core/Src/main.o
                0x08000f90                startGame
 .text.drawMenu
                0x08001314       0x5c ./Core/Src/main.o
                0x08001314                drawMenu
 .text.animarDecoracion
                0x08001370       0x50 ./Core/Src/main.o
                0x08001370                animarDecoracion
 .text.menuSelection
                0x080013c0      0x114 ./Core/Src/main.o
                0x080013c0                menuSelection
 .text.matarPato
                0x080014d4      0x168 ./Core/Src/main.o
                0x080014d4                matarPato
 .text.patorojo
                0x0800163c       0xa4 ./Core/Src/main.o
                0x0800163c                patorojo
 .text.caerPato
                0x080016e0      0x188 ./Core/Src/main.o
                0x080016e0                caerPato
 .text.moverPato
                0x08001868      0x2c0 ./Core/Src/main.o
                0x08001868                moverPato
 .text.caerPato2
                0x08001b28      0x14c ./Core/Src/main.o
                0x08001b28                caerPato2
 .text.moverMira
                0x08001c74      0x230 ./Core/Src/main.o
                0x08001c74                moverMira
 .text.main     0x08001ea4       0x68 ./Core/Src/main.o
                0x08001ea4                main
 .text.SystemClock_Config
                0x08001f0c       0xd8 ./Core/Src/main.o
                0x08001f0c                SystemClock_Config
 .text.MX_ADC1_Init
                0x08001fe4       0xa4 ./Core/Src/main.o
 .text.MX_SPI1_Init
                0x08002088       0x6c ./Core/Src/main.o
 .text.MX_GPIO_Init
                0x080020f4      0x134 ./Core/Src/main.o
 .text.Error_Handler
                0x08002228        0xc ./Core/Src/main.o
                0x08002228                Error_Handler
 .text.HAL_MspInit
                0x08002234       0x50 ./Core/Src/stm32f4xx_hal_msp.o
                0x08002234                HAL_MspInit
 .text.HAL_ADC_MspInit
                0x08002284       0xc0 ./Core/Src/stm32f4xx_hal_msp.o
                0x08002284                HAL_ADC_MspInit
 .text.HAL_SPI_MspInit
                0x08002344       0x90 ./Core/Src/stm32f4xx_hal_msp.o
                0x08002344                HAL_SPI_MspInit
 .text.NMI_Handler
                0x080023d4        0x8 ./Core/Src/stm32f4xx_it.o
                0x080023d4                NMI_Handler
 .text.HardFault_Handler
                0x080023dc        0x8 ./Core/Src/stm32f4xx_it.o
                0x080023dc                HardFault_Handler
 .text.MemManage_Handler
                0x080023e4        0x8 ./Core/Src/stm32f4xx_it.o
                0x080023e4                MemManage_Handler
 .text.BusFault_Handler
                0x080023ec        0x8 ./Core/Src/stm32f4xx_it.o
                0x080023ec                BusFault_Handler
 .text.UsageFault_Handler
                0x080023f4        0x8 ./Core/Src/stm32f4xx_it.o
                0x080023f4                UsageFault_Handler
 .text.SVC_Handler
                0x080023fc        0xe ./Core/Src/stm32f4xx_it.o
                0x080023fc                SVC_Handler
 .text.DebugMon_Handler
                0x0800240a        0xe ./Core/Src/stm32f4xx_it.o
                0x0800240a                DebugMon_Handler
 .text.PendSV_Handler
                0x08002418        0xe ./Core/Src/stm32f4xx_it.o
                0x08002418                PendSV_Handler
 .text.SysTick_Handler
                0x08002426        0xc ./Core/Src/stm32f4xx_it.o
                0x08002426                SysTick_Handler
 *fill*         0x08002432        0x2 
 .text.SystemInit
                0x08002434       0x24 ./Core/Src/system_stm32f4xx.o
                0x08002434                SystemInit
 .text.Reset_Handler
                0x08002458       0x50 ./Core/Startup/startup_stm32f446retx.o
                0x08002458                Reset_Handler
 .text.Default_Handler
                0x080024a8        0x2 ./Core/Startup/startup_stm32f446retx.o
                0x080024a8                RTC_Alarm_IRQHandler
                0x080024a8                EXTI2_IRQHandler
                0x080024a8                TIM8_CC_IRQHandler
                0x080024a8                FMPI2C1_EV_IRQHandler
                0x080024a8                SPI4_IRQHandler
                0x080024a8                TIM1_CC_IRQHandler
                0x080024a8                DMA2_Stream5_IRQHandler
                0x080024a8                DMA1_Stream5_IRQHandler
                0x080024a8                PVD_IRQHandler
                0x080024a8                SDIO_IRQHandler
                0x080024a8                TAMP_STAMP_IRQHandler
                0x080024a8                CAN2_RX1_IRQHandler
                0x080024a8                EXTI3_IRQHandler
                0x080024a8                TIM8_TRG_COM_TIM14_IRQHandler
                0x080024a8                TIM1_UP_TIM10_IRQHandler
                0x080024a8                TIM8_UP_TIM13_IRQHandler
                0x080024a8                I2C3_ER_IRQHandler
                0x080024a8                EXTI0_IRQHandler
                0x080024a8                I2C2_EV_IRQHandler
                0x080024a8                DMA1_Stream2_IRQHandler
                0x080024a8                CAN1_RX0_IRQHandler
                0x080024a8                FPU_IRQHandler
                0x080024a8                OTG_HS_WKUP_IRQHandler
                0x080024a8                CAN2_SCE_IRQHandler
                0x080024a8                DMA2_Stream2_IRQHandler
                0x080024a8                SPI1_IRQHandler
                0x080024a8                TIM6_DAC_IRQHandler
                0x080024a8                TIM1_BRK_TIM9_IRQHandler
                0x080024a8                DCMI_IRQHandler
                0x080024a8                CAN2_RX0_IRQHandler
                0x080024a8                DMA2_Stream3_IRQHandler
                0x080024a8                SAI2_IRQHandler
                0x080024a8                USART6_IRQHandler
                0x080024a8                USART3_IRQHandler
                0x080024a8                CAN1_RX1_IRQHandler
                0x080024a8                UART5_IRQHandler
                0x080024a8                DMA2_Stream0_IRQHandler
                0x080024a8                TIM4_IRQHandler
                0x080024a8                QUADSPI_IRQHandler
                0x080024a8                I2C1_EV_IRQHandler
                0x080024a8                DMA1_Stream6_IRQHandler
                0x080024a8                DMA1_Stream1_IRQHandler
                0x080024a8                UART4_IRQHandler
                0x080024a8                TIM3_IRQHandler
                0x080024a8                RCC_IRQHandler
                0x080024a8                TIM8_BRK_TIM12_IRQHandler
                0x080024a8                Default_Handler
                0x080024a8                CEC_IRQHandler
                0x080024a8                EXTI15_10_IRQHandler
                0x080024a8                ADC_IRQHandler
                0x080024a8                DMA1_Stream7_IRQHandler
                0x080024a8                TIM7_IRQHandler
                0x080024a8                CAN2_TX_IRQHandler
                0x080024a8                TIM5_IRQHandler
                0x080024a8                DMA2_Stream7_IRQHandler
                0x080024a8                I2C3_EV_IRQHandler
                0x080024a8                EXTI9_5_IRQHandler
                0x080024a8                RTC_WKUP_IRQHandler
                0x080024a8                SPDIF_RX_IRQHandler
                0x080024a8                SPI2_IRQHandler
                0x080024a8                OTG_HS_EP1_IN_IRQHandler
                0x080024a8                DMA1_Stream0_IRQHandler
                0x080024a8                CAN1_TX_IRQHandler
                0x080024a8                FMPI2C1_ER_IRQHandler
                0x080024a8                EXTI4_IRQHandler
                0x080024a8                OTG_HS_EP1_OUT_IRQHandler
                0x080024a8                WWDG_IRQHandler
                0x080024a8                TIM2_IRQHandler
                0x080024a8                OTG_FS_WKUP_IRQHandler
                0x080024a8                TIM1_TRG_COM_TIM11_IRQHandler
                0x080024a8                OTG_HS_IRQHandler
                0x080024a8                EXTI1_IRQHandler
                0x080024a8                USART2_IRQHandler
                0x080024a8                I2C2_ER_IRQHandler
                0x080024a8                DMA2_Stream1_IRQHandler
                0x080024a8                CAN1_SCE_IRQHandler
                0x080024a8                FLASH_IRQHandler
                0x080024a8                DMA2_Stream4_IRQHandler
                0x080024a8                USART1_IRQHandler
                0x080024a8                OTG_FS_IRQHandler
                0x080024a8                SPI3_IRQHandler
                0x080024a8                DMA1_Stream4_IRQHandler
                0x080024a8                I2C1_ER_IRQHandler
                0x080024a8                FMC_IRQHandler
                0x080024a8                DMA2_Stream6_IRQHandler
                0x080024a8                SAI1_IRQHandler
                0x080024a8                DMA1_Stream3_IRQHandler
 *fill*         0x080024aa        0x2 
 .text.HAL_Init
                0x080024ac       0x44 ./Drivers/STM32F4xx_HAL_Driver/Src/stm32f4xx_hal.o
                0x080024ac                HAL_Init
 .text.HAL_InitTick
                0x080024f0       0x60 ./Drivers/STM32F4xx_HAL_Driver/Src/stm32f4xx_hal.o
                0x080024f0                HAL_InitTick
 .text.HAL_IncTick
                0x08002550       0x28 ./Drivers/STM32F4xx_HAL_Driver/Src/stm32f4xx_hal.o
                0x08002550                HAL_IncTick
 .text.HAL_GetTick
                0x08002578       0x18 ./Drivers/STM32F4xx_HAL_Driver/Src/stm32f4xx_hal.o
                0x08002578                HAL_GetTick
 .text.HAL_Delay
                0x08002590       0x48 ./Drivers/STM32F4xx_HAL_Driver/Src/stm32f4xx_hal.o
                0x08002590                HAL_Delay
 .text.HAL_ADC_Init
                0x080025d8       0x86 ./Drivers/STM32F4xx_HAL_Driver/Src/stm32f4xx_hal_adc.o
                0x080025d8                HAL_ADC_Init
 *fill*         0x0800265e        0x2 
 .text.HAL_ADC_Start
                0x08002660      0x1a4 ./Drivers/STM32F4xx_HAL_Driver/Src/stm32f4xx_hal_adc.o
                0x08002660                HAL_ADC_Start
 .text.HAL_ADC_Stop
                0x08002804       0x66 ./Drivers/STM32F4xx_HAL_Driver/Src/stm32f4xx_hal_adc.o
                0x08002804                HAL_ADC_Stop
 .text.HAL_ADC_PollForConversion
                0x0800286a      0x116 ./Drivers/STM32F4xx_HAL_Driver/Src/stm32f4xx_hal_adc.o
                0x0800286a                HAL_ADC_PollForConversion
 .text.HAL_ADC_GetValue
                0x08002980       0x1a ./Drivers/STM32F4xx_HAL_Driver/Src/stm32f4xx_hal_adc.o
                0x08002980                HAL_ADC_GetValue
 *fill*         0x0800299a        0x2 
 .text.HAL_ADC_ConfigChannel
                0x0800299c      0x264 ./Drivers/STM32F4xx_HAL_Driver/Src/stm32f4xx_hal_adc.o
                0x0800299c                HAL_ADC_ConfigChannel
 .text.ADC_Init
                0x08002c00      0x1f8 ./Drivers/STM32F4xx_HAL_Driver/Src/stm32f4xx_hal_adc.o
 .text.__NVIC_SetPriorityGrouping
                0x08002df8       0x48 ./Drivers/STM32F4xx_HAL_Driver/Src/stm32f4xx_hal_cortex.o
 .text.__NVIC_GetPriorityGrouping
                0x08002e40       0x1c ./Drivers/STM32F4xx_HAL_Driver/Src/stm32f4xx_hal_cortex.o
 .text.__NVIC_SetPriority
                0x08002e5c       0x54 ./Drivers/STM32F4xx_HAL_Driver/Src/stm32f4xx_hal_cortex.o
 .text.NVIC_EncodePriority
                0x08002eb0       0x66 ./Drivers/STM32F4xx_HAL_Driver/Src/stm32f4xx_hal_cortex.o
 *fill*         0x08002f16        0x2 
 .text.SysTick_Config
                0x08002f18       0x44 ./Drivers/STM32F4xx_HAL_Driver/Src/stm32f4xx_hal_cortex.o
 .text.HAL_NVIC_SetPriorityGrouping
                0x08002f5c       0x16 ./Drivers/STM32F4xx_HAL_Driver/Src/stm32f4xx_hal_cortex.o
                0x08002f5c                HAL_NVIC_SetPriorityGrouping
 .text.HAL_NVIC_SetPriority
                0x08002f72       0x38 ./Drivers/STM32F4xx_HAL_Driver/Src/stm32f4xx_hal_cortex.o
                0x08002f72                HAL_NVIC_SetPriority
 .text.HAL_SYSTICK_Config
                0x08002faa       0x18 ./Drivers/STM32F4xx_HAL_Driver/Src/stm32f4xx_hal_cortex.o
                0x08002faa                HAL_SYSTICK_Config
 *fill*         0x08002fc2        0x2 
 .text.HAL_GPIO_Init
                0x08002fc4      0x328 ./Drivers/STM32F4xx_HAL_Driver/Src/stm32f4xx_hal_gpio.o
                0x08002fc4                HAL_GPIO_Init
 .text.HAL_GPIO_ReadPin
                0x080032ec       0x30 ./Drivers/STM32F4xx_HAL_Driver/Src/stm32f4xx_hal_gpio.o
                0x080032ec                HAL_GPIO_ReadPin
 .text.HAL_GPIO_WritePin
                0x0800331c       0x32 ./Drivers/STM32F4xx_HAL_Driver/Src/stm32f4xx_hal_gpio.o
                0x0800331c                HAL_GPIO_WritePin
 *fill*         0x0800334e        0x2 
 .text.HAL_RCC_ClockConfig
                0x08003350      0x1cc ./Drivers/STM32F4xx_HAL_Driver/Src/stm32f4xx_hal_rcc.o
                0x08003350                HAL_RCC_ClockConfig
 .text.HAL_RCC_GetSysClockFreq
                0x0800351c      0x354 ./Drivers/STM32F4xx_HAL_Driver/Src/stm32f4xx_hal_rcc_ex.o
                0x0800351c                HAL_RCC_GetSysClockFreq
 .text.HAL_RCC_OscConfig
                0x08003870      0x53c ./Drivers/STM32F4xx_HAL_Driver/Src/stm32f4xx_hal_rcc_ex.o
                0x08003870                HAL_RCC_OscConfig
 .text.HAL_SPI_Init
                0x08003dac      0x112 ./Drivers/STM32F4xx_HAL_Driver/Src/stm32f4xx_hal_spi.o
                0x08003dac                HAL_SPI_Init
 .text.memset   0x08003ebe       0x10 C:/ST/STM32CubeIDE_1.16.0/STM32CubeIDE/plugins/com.st.stm32cube.ide.mcu.externaltools.gnu-tools-for-stm32.12.3.rel1.win32_1.0.200.202406191623/tools/bin/../lib/gcc/arm-none-eabi/12.3.1/../../../../arm-none-eabi/lib/thumb/v7e-m+fp/hard\libc_nano.a(libc_a-memset.o)
                0x08003ebe                memset
 *fill*         0x08003ece        0x2 
 .text.__libc_init_array
                0x08003ed0       0x48 C:/ST/STM32CubeIDE_1.16.0/STM32CubeIDE/plugins/com.st.stm32cube.ide.mcu.externaltools.gnu-tools-for-stm32.12.3.rel1.win32_1.0.200.202406191623/tools/bin/../lib/gcc/arm-none-eabi/12.3.1/../../../../arm-none-eabi/lib/thumb/v7e-m+fp/hard\libc_nano.a(libc_a-init.o)
                0x08003ed0                __libc_init_array
 *(.glue_7)
 .glue_7        0x08003f18        0x0 linker stubs
 *(.glue_7t)
 .glue_7t       0x08003f18        0x0 linker stubs
 *(.eh_frame)
 .eh_frame      0x08003f18        0x0 C:/ST/STM32CubeIDE_1.16.0/STM32CubeIDE/plugins/com.st.stm32cube.ide.mcu.externaltools.gnu-tools-for-stm32.12.3.rel1.win32_1.0.200.202406191623/tools/bin/../lib/gcc/arm-none-eabi/12.3.1/thumb/v7e-m+fp/hard/crtbegin.o
 *(.init)
 .init          0x08003f18        0x4 C:/ST/STM32CubeIDE_1.16.0/STM32CubeIDE/plugins/com.st.stm32cube.ide.mcu.externaltools.gnu-tools-for-stm32.12.3.rel1.win32_1.0.200.202406191623/tools/bin/../lib/gcc/arm-none-eabi/12.3.1/thumb/v7e-m+fp/hard/crti.o
                0x08003f18                _init
 .init          0x08003f1c        0x8 C:/ST/STM32CubeIDE_1.16.0/STM32CubeIDE/plugins/com.st.stm32cube.ide.mcu.externaltools.gnu-tools-for-stm32.12.3.rel1.win32_1.0.200.202406191623/tools/bin/../lib/gcc/arm-none-eabi/12.3.1/thumb/v7e-m+fp/hard/crtn.o
 *(.fini)
 .fini          0x08003f24        0x4 C:/ST/STM32CubeIDE_1.16.0/STM32CubeIDE/plugins/com.st.stm32cube.ide.mcu.externaltools.gnu-tools-for-stm32.12.3.rel1.win32_1.0.200.202406191623/tools/bin/../lib/gcc/arm-none-eabi/12.3.1/thumb/v7e-m+fp/hard/crti.o
                0x08003f24                _fini
 .fini          0x08003f28        0x8 C:/ST/STM32CubeIDE_1.16.0/STM32CubeIDE/plugins/com.st.stm32cube.ide.mcu.externaltools.gnu-tools-for-stm32.12.3.rel1.win32_1.0.200.202406191623/tools/bin/../lib/gcc/arm-none-eabi/12.3.1/thumb/v7e-m+fp/hard/crtn.o
                0x08003f30                        . = ALIGN (0x4)
                0x08003f30                        _etext = .

.vfp11_veneer   0x08003f30        0x0
 .vfp11_veneer  0x08003f30        0x0 linker stubs

.v4_bx          0x08003f30        0x0
 .v4_bx         0x08003f30        0x0 linker stubs

.iplt           0x08003f30        0x0
 .iplt          0x08003f30        0x0 C:/ST/STM32CubeIDE_1.16.0/STM32CubeIDE/plugins/com.st.stm32cube.ide.mcu.externaltools.gnu-tools-for-stm32.12.3.rel1.win32_1.0.200.202406191623/tools/bin/../lib/gcc/arm-none-eabi/12.3.1/thumb/v7e-m+fp/hard/crtbegin.o

.rodata         0x08003f30    0x6cc0c
                0x08003f30                        . = ALIGN (0x4)
 *(.rodata)
 .rodata        0x08003f30       0x30 ./Core/Src/main.o
 *(.rodata*)
 .rodata.smallFont
                0x08003f60      0x474 ./Core/Src/font.o
                0x08003f60                smallFont
 .rodata.bigFont
                0x080043d4      0xbe0 ./Core/Src/font.o
                0x080043d4                bigFont
 .rodata.perro1
                0x08004fb4     0x1368 ./Core/Src/graficos.o
                0x08004fb4                perro1
 .rodata.perro2
                0x0800631c     0x12b4 ./Core/Src/graficos.o
                0x0800631c                perro2
 .rodata.perro3
                0x080075d0     0x12b4 ./Core/Src/graficos.o
                0x080075d0                perro3
 .rodata.perro4
                0x08008884     0x179a ./Core/Src/graficos.o
                0x08008884                perro4
 *fill*         0x0800a01e        0x2 
 .rodata.perro5
                0x0800a020      0xde0 ./Core/Src/graficos.o
                0x0800a020                perro5
 .rodata.perro6
                0x0800ae00      0xde0 ./Core/Src/graficos.o
                0x0800ae00                perro6
 .rodata.perro7
                0x0800bbe0      0x882 ./Core/Src/graficos.o
                0x0800bbe0                perro7
 *fill*         0x0800c462        0x2 
 .rodata.flecha
                0x0800c464       0x9a ./Core/Src/graficos.o
                0x0800c464                flecha
 *fill*         0x0800c4fe        0x2 
 .rodata.selecion
                0x0800c500    0x1a5e0 ./Core/Src/graficos.o
                0x0800c500                selecion
 .rodata.menu   0x08026ae0    0x2484c ./Core/Src/graficos.o
                0x08026ae0                menu
 .rodata.fondo  0x0804b32c    0x25800 ./Core/Src/graficos.o
                0x0804b32c                fondo
 .rodata.AHBPrescTable
                0x08070b2c       0x10 ./Core/Src/system_stm32f4xx.o
                0x08070b2c                AHBPrescTable
                0x08070b3c                        . = ALIGN (0x4)

.ARM.extab      0x08070b3c        0x0
                0x08070b3c                        . = ALIGN (0x4)
 *(.ARM.extab* .gnu.linkonce.armextab.*)
                0x08070b3c                        . = ALIGN (0x4)

.ARM            0x08070b3c        0x8
                0x08070b3c                        . = ALIGN (0x4)
                0x08070b3c                        __exidx_start = .
 *(.ARM.exidx*)
 .ARM.exidx     0x08070b3c        0x8 C:/ST/STM32CubeIDE_1.16.0/STM32CubeIDE/plugins/com.st.stm32cube.ide.mcu.externaltools.gnu-tools-for-stm32.12.3.rel1.win32_1.0.200.202406191623/tools/bin/../lib/gcc/arm-none-eabi/12.3.1/../../../../arm-none-eabi/lib/thumb/v7e-m+fp/hard\libc_nano.a(libc_a-strlen.o)
 .ARM.exidx     0x08070b44        0x0 C:/ST/STM32CubeIDE_1.16.0/STM32CubeIDE/plugins/com.st.stm32cube.ide.mcu.externaltools.gnu-tools-for-stm32.12.3.rel1.win32_1.0.200.202406191623/tools/bin/../lib/gcc/arm-none-eabi/12.3.1/thumb/v7e-m+fp/hard\libgcc.a(_udivmoddi4.o)
                                  0x8 (size before relaxing)
                0x08070b44                        __exidx_end = .
                0x08070b44                        . = ALIGN (0x4)

.preinit_array  0x08070b44        0x0
                0x08070b44                        . = ALIGN (0x4)
                0x08070b44                        PROVIDE (__preinit_array_start = .)
 *(.preinit_array*)
                0x08070b44                        PROVIDE (__preinit_array_end = .)
                0x08070b44                        . = ALIGN (0x4)

.init_array     0x08070b44        0x4
                0x08070b44                        . = ALIGN (0x4)
                0x08070b44                        PROVIDE (__init_array_start = .)
 *(SORT_BY_NAME(.init_array.*))
 *(.init_array*)
 .init_array    0x08070b44        0x4 C:/ST/STM32CubeIDE_1.16.0/STM32CubeIDE/plugins/com.st.stm32cube.ide.mcu.externaltools.gnu-tools-for-stm32.12.3.rel1.win32_1.0.200.202406191623/tools/bin/../lib/gcc/arm-none-eabi/12.3.1/thumb/v7e-m+fp/hard/crtbegin.o
                0x08070b48                        PROVIDE (__init_array_end = .)
                0x08070b48                        . = ALIGN (0x4)

.fini_array     0x08070b48        0x4
                0x08070b48                        . = ALIGN (0x4)
                [!provide]                        PROVIDE (__fini_array_start = .)
 *(SORT_BY_NAME(.fini_array.*))
 *(.fini_array*)
 .fini_array    0x08070b48        0x4 C:/ST/STM32CubeIDE_1.16.0/STM32CubeIDE/plugins/com.st.stm32cube.ide.mcu.externaltools.gnu-tools-for-stm32.12.3.rel1.win32_1.0.200.202406191623/tools/bin/../lib/gcc/arm-none-eabi/12.3.1/thumb/v7e-m+fp/hard/crtbegin.o
                [!provide]                        PROVIDE (__fini_array_end = .)
                0x08070b4c                        . = ALIGN (0x4)
                0x08070b4c                        _sidata = LOADADDR (.data)

.rel.dyn        0x08070b4c        0x0
 .rel.iplt      0x08070b4c        0x0 C:/ST/STM32CubeIDE_1.16.0/STM32CubeIDE/plugins/com.st.stm32cube.ide.mcu.externaltools.gnu-tools-for-stm32.12.3.rel1.win32_1.0.200.202406191623/tools/bin/../lib/gcc/arm-none-eabi/12.3.1/thumb/v7e-m+fp/hard/crtbegin.o

.data           0x20000000     0x69d8 load address 0x08070b4c
                0x20000000                        . = ALIGN (0x4)
                0x20000000                        _sdata = .
 *(.data)
 *(.data*)
 .data.mira2    0x20000000      0x4ac ./Core/Src/graficos.o
                0x20000000                mira2
 .data.patox    0x200004ac     0x1c20 ./Core/Src/graficos.o
                0x200004ac                patox
 .data.Rojo     0x200020cc       0xa2 ./Core/Src/graficos.o
                0x200020cc                Rojo
 *fill*         0x2000216e        0x2 
 .data.Caza     0x20002170      0xda8 ./Core/Src/graficos.o
                0x20002170                Caza
 .data.patocayendo
                0x20002f18     0x1800 ./Core/Src/graficos.o
                0x20002f18                patocayendo
 .data.muerto   0x20004718      0x800 ./Core/Src/graficos.o
                0x20004718                muerto
 .data.mira1    0x20004f18      0x4ac ./Core/Src/graficos.o
                0x20004f18                mira1
 .data.Patos    0x200053c4     0x1512 ./Core/Src/graficos.o
                0x200053c4                Patos
 *fill*         0x200068d6        0x2 
 .data.Ronda    0x200068d8       0xa2 ./Core/Src/graficos.o
                0x200068d8                Ronda
 *fill*         0x2000697a        0x2 
 .data.coorX    0x2000697c        0x4 ./Core/Src/main.o
                0x2000697c                coorX
 .data.coorY    0x20006980        0x4 ./Core/Src/main.o
                0x20006980                coorY
 .data.patoWidth
                0x20006984        0x4 ./Core/Src/main.o
                0x20006984                patoWidth
 .data.patoHeight
                0x20006988        0x4 ./Core/Src/main.o
                0x20006988                patoHeight
 .data.velocidadX
                0x2000698c        0x4 ./Core/Src/main.o
                0x2000698c                velocidadX
 .data.velocidadY
                0x20006990        0x4 ./Core/Src/main.o
                0x20006990                velocidadY
 .data.limiteInferior
                0x20006994        0x4 ./Core/Src/main.o
                0x20006994                limiteInferior
 .data.limiteDerecho
                0x20006998        0x4 ./Core/Src/main.o
                0x20006998                limiteDerecho
 .data.direccionDerecha
                0x2000699c        0x4 ./Core/Src/main.o
                0x2000699c                direccionDerecha
 .data.miraX    0x200069a0        0x4 ./Core/Src/main.o
                0x200069a0                miraX
 .data.miraY    0x200069a4        0x4 ./Core/Src/main.o
                0x200069a4                miraY
 .data.lastMiraX
                0x200069a8        0x4 ./Core/Src/main.o
                0x200069a8                lastMiraX
 .data.lastMiraY
                0x200069ac        0x4 ./Core/Src/main.o
                0x200069ac                lastMiraY
 .data.coorX2   0x200069b0        0x4 ./Core/Src/main.o
                0x200069b0                coorX2
 .data.coorY2   0x200069b4        0x4 ./Core/Src/main.o
                0x200069b4                coorY2
 .data.numeroPatos
                0x200069b8        0x4 ./Core/Src/main.o
                0x200069b8                numeroPatos
 .data.lastMira2X
                0x200069bc        0x4 ./Core/Src/main.o
                0x200069bc                lastMira2X
 .data.lastMira2Y
                0x200069c0        0x4 ./Core/Src/main.o
                0x200069c0                lastMira2Y
 .data.mira2X   0x200069c4        0x4 ./Core/Src/main.o
                0x200069c4                mira2X
 .data.mira2Y   0x200069c8        0x4 ./Core/Src/main.o
                0x200069c8                mira2Y
 .data.SystemCoreClock
                0x200069cc        0x4 ./Core/Src/system_stm32f4xx.o
                0x200069cc                SystemCoreClock
 .data.uwTickPrio
                0x200069d0        0x4 ./Drivers/STM32F4xx_HAL_Driver/Src/stm32f4xx_hal.o
                0x200069d0                uwTickPrio
 .data.uwTickFreq
                0x200069d4        0x1 ./Drivers/STM32F4xx_HAL_Driver/Src/stm32f4xx_hal.o
                0x200069d4                uwTickFreq
 *(.RamFunc)
 *(.RamFunc*)
                0x200069d8                        . = ALIGN (0x4)
 *fill*         0x200069d5        0x3 
                0x200069d8                        _edata = .

.igot.plt       0x200069d8        0x0 load address 0x08077524
 .igot.plt      0x200069d8        0x0 C:/ST/STM32CubeIDE_1.16.0/STM32CubeIDE/plugins/com.st.stm32cube.ide.mcu.externaltools.gnu-tools-for-stm32.12.3.rel1.win32_1.0.200.202406191623/tools/bin/../lib/gcc/arm-none-eabi/12.3.1/thumb/v7e-m+fp/hard/crtbegin.o
                0x200069d8                        . = ALIGN (0x4)

.bss            0x200069d8       0xf8 load address 0x08077524
                0x200069d8                        _sbss = .
                0x200069d8                        __bss_start__ = _sbss
 *(.bss)
 .bss           0x200069d8       0x1c C:/ST/STM32CubeIDE_1.16.0/STM32CubeIDE/plugins/com.st.stm32cube.ide.mcu.externaltools.gnu-tools-for-stm32.12.3.rel1.win32_1.0.200.202406191623/tools/bin/../lib/gcc/arm-none-eabi/12.3.1/thumb/v7e-m+fp/hard/crtbegin.o
 *(.bss*)
 .bss.hadc1     0x200069f4       0x48 ./Core/Src/main.o
                0x200069f4                hadc1
 .bss.hspi1     0x20006a3c       0x58 ./Core/Src/main.o
                0x20006a3c                hspi1
 .bss.menu_position
                0x20006a94        0x4 ./Core/Src/main.o
                0x20006a94                menu_position
 .bss.limiteSuperior
                0x20006a98        0x4 ./Core/Src/main.o
                0x20006a98                limiteSuperior
 .bss.limiteIzquierdo
                0x20006a9c        0x4 ./Core/Src/main.o
                0x20006a9c                limiteIzquierdo
 .bss.animFrame
                0x20006aa0        0x4 ./Core/Src/main.o
                0x20006aa0                animFrame
 .bss.patoMuerto
                0x20006aa4        0x4 ./Core/Src/main.o
                0x20006aa4                patoMuerto
 .bss.patoCayendo
                0x20006aa8        0x4 ./Core/Src/main.o
                0x20006aa8                patoCayendo
 .bss.coorXPatoMuerto
                0x20006aac        0x4 ./Core/Src/main.o
                0x20006aac                coorXPatoMuerto
 .bss.coorYPatoMuerto
                0x20006ab0        0x4 ./Core/Src/main.o
                0x20006ab0                coorYPatoMuerto
 .bss.contadorvidasP
                0x20006ab4        0x4 ./Core/Src/main.o
                0x20006ab4                contadorvidasP
 .bss.pato2Muerto
                0x20006ab8        0x4 ./Core/Src/main.o
                0x20006ab8                pato2Muerto
 .bss.pato2Cayendo
                0x20006abc        0x4 ./Core/Src/main.o
                0x20006abc                pato2Cayendo
 .bss.coorXPato2Muerto
                0x20006ac0        0x4 ./Core/Src/main.o
                0x20006ac0                coorXPato2Muerto
 .bss.coorYPato2Muerto
                0x20006ac4        0x4 ./Core/Src/main.o
                0x20006ac4                coorYPato2Muerto
 .bss.decoracionFrame
                0x20006ac8        0x4 ./Core/Src/main.o
                0x20006ac8                decoracionFrame
 .bss.uwTick    0x20006acc        0x4 ./Drivers/STM32F4xx_HAL_Driver/Src/stm32f4xx_hal.o
                0x20006acc                uwTick
 *(COMMON)
                0x20006ad0                        . = ALIGN (0x4)
                0x20006ad0                        _ebss = .
                0x20006ad0                        __bss_end__ = _ebss

._user_heap_stack
                0x20006ad0      0x600 load address 0x08077524
                0x20006ad0                        . = ALIGN (0x8)
                [!provide]                        PROVIDE (end = .)
                0x20006ad0                        PROVIDE (_end = .)
                0x20006cd0                        . = (. + _Min_Heap_Size)
 *fill*         0x20006ad0      0x200 
                0x200070d0                        . = (. + _Min_Stack_Size)
 *fill*         0x20006cd0      0x400 
                0x200070d0                        . = ALIGN (0x8)

/DISCARD/
 libc.a(*)
 libm.a(*)
 libgcc.a(*)

.ARM.attributes
                0x00000000       0x30
 *(.ARM.attributes)
 .ARM.attributes
                0x00000000       0x22 C:/ST/STM32CubeIDE_1.16.0/STM32CubeIDE/plugins/com.st.stm32cube.ide.mcu.externaltools.gnu-tools-for-stm32.12.3.rel1.win32_1.0.200.202406191623/tools/bin/../lib/gcc/arm-none-eabi/12.3.1/thumb/v7e-m+fp/hard/crti.o
 .ARM.attributes
                0x00000022       0x34 C:/ST/STM32CubeIDE_1.16.0/STM32CubeIDE/plugins/com.st.stm32cube.ide.mcu.externaltools.gnu-tools-for-stm32.12.3.rel1.win32_1.0.200.202406191623/tools/bin/../lib/gcc/arm-none-eabi/12.3.1/thumb/v7e-m+fp/hard/crtbegin.o
 .ARM.attributes
                0x00000056       0x34 ./Core/Src/font.o
 .ARM.attributes
                0x0000008a       0x34 ./Core/Src/graficos.o
 .ARM.attributes
                0x000000be       0x34 ./Core/Src/ili9341.o
 .ARM.attributes
                0x000000f2       0x34 ./Core/Src/main.o
 .ARM.attributes
                0x00000126       0x34 ./Core/Src/stm32f4xx_hal_msp.o
 .ARM.attributes
                0x0000015a       0x34 ./Core/Src/stm32f4xx_it.o
 .ARM.attributes
                0x0000018e       0x34 ./Core/Src/system_stm32f4xx.o
 .ARM.attributes
                0x000001c2       0x21 ./Core/Startup/startup_stm32f446retx.o
 .ARM.attributes
                0x000001e3       0x34 ./Drivers/STM32F4xx_HAL_Driver/Src/stm32f4xx_hal.o
 .ARM.attributes
                0x00000217       0x34 ./Drivers/STM32F4xx_HAL_Driver/Src/stm32f4xx_hal_adc.o
 .ARM.attributes
                0x0000024b       0x34 ./Drivers/STM32F4xx_HAL_Driver/Src/stm32f4xx_hal_cortex.o
 .ARM.attributes
                0x0000027f       0x34 ./Drivers/STM32F4xx_HAL_Driver/Src/stm32f4xx_hal_gpio.o
 .ARM.attributes
                0x000002b3       0x34 ./Drivers/STM32F4xx_HAL_Driver/Src/stm32f4xx_hal_rcc.o
 .ARM.attributes
                0x000002e7       0x34 ./Drivers/STM32F4xx_HAL_Driver/Src/stm32f4xx_hal_rcc_ex.o
 .ARM.attributes
                0x0000031b       0x34 ./Drivers/STM32F4xx_HAL_Driver/Src/stm32f4xx_hal_spi.o
 .ARM.attributes
                0x0000034f       0x34 C:/ST/STM32CubeIDE_1.16.0/STM32CubeIDE/plugins/com.st.stm32cube.ide.mcu.externaltools.gnu-tools-for-stm32.12.3.rel1.win32_1.0.200.202406191623/tools/bin/../lib/gcc/arm-none-eabi/12.3.1/../../../../arm-none-eabi/lib/thumb/v7e-m+fp/hard\libc_nano.a(libc_a-memset.o)
 .ARM.attributes
                0x00000383       0x34 C:/ST/STM32CubeIDE_1.16.0/STM32CubeIDE/plugins/com.st.stm32cube.ide.mcu.externaltools.gnu-tools-for-stm32.12.3.rel1.win32_1.0.200.202406191623/tools/bin/../lib/gcc/arm-none-eabi/12.3.1/../../../../arm-none-eabi/lib/thumb/v7e-m+fp/hard\libc_nano.a(libc_a-init.o)
 .ARM.attributes
                0x000003b7       0x17 C:/ST/STM32CubeIDE_1.16.0/STM32CubeIDE/plugins/com.st.stm32cube.ide.mcu.externaltools.gnu-tools-for-stm32.12.3.rel1.win32_1.0.200.202406191623/tools/bin/../lib/gcc/arm-none-eabi/12.3.1/../../../../arm-none-eabi/lib/thumb/v7e-m+fp/hard\libc_nano.a(libc_a-strlen.o)
 .ARM.attributes
                0x000003ce       0x22 C:/ST/STM32CubeIDE_1.16.0/STM32CubeIDE/plugins/com.st.stm32cube.ide.mcu.externaltools.gnu-tools-for-stm32.12.3.rel1.win32_1.0.200.202406191623/tools/bin/../lib/gcc/arm-none-eabi/12.3.1/thumb/v7e-m+fp/hard\libgcc.a(_aeabi_uldivmod.o)
 .ARM.attributes
                0x000003f0       0x34 C:/ST/STM32CubeIDE_1.16.0/STM32CubeIDE/plugins/com.st.stm32cube.ide.mcu.externaltools.gnu-tools-for-stm32.12.3.rel1.win32_1.0.200.202406191623/tools/bin/../lib/gcc/arm-none-eabi/12.3.1/thumb/v7e-m+fp/hard\libgcc.a(_udivmoddi4.o)
 .ARM.attributes
                0x00000424       0x22 C:/ST/STM32CubeIDE_1.16.0/STM32CubeIDE/plugins/com.st.stm32cube.ide.mcu.externaltools.gnu-tools-for-stm32.12.3.rel1.win32_1.0.200.202406191623/tools/bin/../lib/gcc/arm-none-eabi/12.3.1/thumb/v7e-m+fp/hard\libgcc.a(_dvmd_tls.o)
 .ARM.attributes
                0x00000446       0x22 C:/ST/STM32CubeIDE_1.16.0/STM32CubeIDE/plugins/com.st.stm32cube.ide.mcu.externaltools.gnu-tools-for-stm32.12.3.rel1.win32_1.0.200.202406191623/tools/bin/../lib/gcc/arm-none-eabi/12.3.1/thumb/v7e-m+fp/hard/crtn.o
OUTPUT(Pruebas_Proyecto_ADC.elf elf32-littlearm)
LOAD linker stubs
LOAD C:/ST/STM32CubeIDE_1.16.0/STM32CubeIDE/plugins/com.st.stm32cube.ide.mcu.externaltools.gnu-tools-for-stm32.12.3.rel1.win32_1.0.200.202406191623/tools/bin/../lib/gcc/arm-none-eabi/12.3.1/../../../../arm-none-eabi/lib/thumb/v7e-m+fp/hard\libc.a
LOAD C:/ST/STM32CubeIDE_1.16.0/STM32CubeIDE/plugins/com.st.stm32cube.ide.mcu.externaltools.gnu-tools-for-stm32.12.3.rel1.win32_1.0.200.202406191623/tools/bin/../lib/gcc/arm-none-eabi/12.3.1/../../../../arm-none-eabi/lib/thumb/v7e-m+fp/hard\libm.a
LOAD C:/ST/STM32CubeIDE_1.16.0/STM32CubeIDE/plugins/com.st.stm32cube.ide.mcu.externaltools.gnu-tools-for-stm32.12.3.rel1.win32_1.0.200.202406191623/tools/bin/../lib/gcc/arm-none-eabi/12.3.1/thumb/v7e-m+fp/hard\libgcc.a

.debug_info     0x00000000     0x88ff
 .debug_info    0x00000000       0xf1 ./Core/Src/font.o
 .debug_info    0x000000f1      0x32f ./Core/Src/graficos.o
 .debug_info    0x00000420      0x81b ./Core/Src/ili9341.o
 .debug_info    0x00000c3b     0x16c1 ./Core/Src/main.o
 .debug_info    0x000022fc      0xc4b ./Core/Src/stm32f4xx_hal_msp.o
 .debug_info    0x00002f47      0x112 ./Core/Src/stm32f4xx_it.o
 .debug_info    0x00003059      0x54a ./Core/Src/system_stm32f4xx.o
 .debug_info    0x000035a3       0x30 ./Core/Startup/startup_stm32f446retx.o
 .debug_info    0x000035d3      0x99a ./Drivers/STM32F4xx_HAL_Driver/Src/stm32f4xx_hal.o
 .debug_info    0x00003f6d      0xcd4 ./Drivers/STM32F4xx_HAL_Driver/Src/stm32f4xx_hal_adc.o
 .debug_info    0x00004c41      0xd75 ./Drivers/STM32F4xx_HAL_Driver/Src/stm32f4xx_hal_cortex.o
 .debug_info    0x000059b6      0x70b ./Drivers/STM32F4xx_HAL_Driver/Src/stm32f4xx_hal_gpio.o
 .debug_info    0x000060c1      0x8ed ./Drivers/STM32F4xx_HAL_Driver/Src/stm32f4xx_hal_rcc.o
 .debug_info    0x000069ae      0x956 ./Drivers/STM32F4xx_HAL_Driver/Src/stm32f4xx_hal_rcc_ex.o
 .debug_info    0x00007304     0x15fb ./Drivers/STM32F4xx_HAL_Driver/Src/stm32f4xx_hal_spi.o

.debug_abbrev   0x00000000     0x1a49
 .debug_abbrev  0x00000000       0x64 ./Core/Src/font.o
 .debug_abbrev  0x00000064       0x7c ./Core/Src/graficos.o
 .debug_abbrev  0x000000e0      0x203 ./Core/Src/ili9341.o
 .debug_abbrev  0x000002e3      0x369 ./Core/Src/main.o
 .debug_abbrev  0x0000064c      0x1a6 ./Core/Src/stm32f4xx_hal_msp.o
 .debug_abbrev  0x000007f2       0x73 ./Core/Src/stm32f4xx_it.o
 .debug_abbrev  0x00000865      0x11a ./Core/Src/system_stm32f4xx.o
 .debug_abbrev  0x0000097f       0x24 ./Core/Startup/startup_stm32f446retx.o
 .debug_abbrev  0x000009a3      0x214 ./Drivers/STM32F4xx_HAL_Driver/Src/stm32f4xx_hal.o
 .debug_abbrev  0x00000bb7      0x252 ./Drivers/STM32F4xx_HAL_Driver/Src/stm32f4xx_hal_adc.o
 .debug_abbrev  0x00000e09      0x328 ./Drivers/STM32F4xx_HAL_Driver/Src/stm32f4xx_hal_cortex.o
 .debug_abbrev  0x00001131      0x1d4 ./Drivers/STM32F4xx_HAL_Driver/Src/stm32f4xx_hal_gpio.o
 .debug_abbrev  0x00001305      0x2b6 ./Drivers/STM32F4xx_HAL_Driver/Src/stm32f4xx_hal_rcc.o
 .debug_abbrev  0x000015bb      0x20a ./Drivers/STM32F4xx_HAL_Driver/Src/stm32f4xx_hal_rcc_ex.o
 .debug_abbrev  0x000017c5      0x284 ./Drivers/STM32F4xx_HAL_Driver/Src/stm32f4xx_hal_spi.o

.debug_aranges  0x00000000      0x860
 .debug_aranges
                0x00000000       0x18 ./Core/Src/font.o
 .debug_aranges
                0x00000018       0x18 ./Core/Src/graficos.o
 .debug_aranges
                0x00000030       0x78 ./Core/Src/ili9341.o
 .debug_aranges
                0x000000a8       0xa8 ./Core/Src/main.o
 .debug_aranges
                0x00000150       0x40 ./Core/Src/stm32f4xx_hal_msp.o
 .debug_aranges
                0x00000190       0x60 ./Core/Src/stm32f4xx_it.o
 .debug_aranges
                0x000001f0       0x28 ./Core/Src/system_stm32f4xx.o
 .debug_aranges
                0x00000218       0x28 ./Core/Startup/startup_stm32f446retx.o
 .debug_aranges
                0x00000240       0xf0 ./Drivers/STM32F4xx_HAL_Driver/Src/stm32f4xx_hal.o
 .debug_aranges
                0x00000330       0xe8 ./Drivers/STM32F4xx_HAL_Driver/Src/stm32f4xx_hal_adc.o
 .debug_aranges
                0x00000418      0x120 ./Drivers/STM32F4xx_HAL_Driver/Src/stm32f4xx_hal_cortex.o
 .debug_aranges
                0x00000538       0x58 ./Drivers/STM32F4xx_HAL_Driver/Src/stm32f4xx_hal_gpio.o
 .debug_aranges
                0x00000590       0x88 ./Drivers/STM32F4xx_HAL_Driver/Src/stm32f4xx_hal_rcc.o
 .debug_aranges
                0x00000618       0x78 ./Drivers/STM32F4xx_HAL_Driver/Src/stm32f4xx_hal_rcc_ex.o
 .debug_aranges
                0x00000690      0x1d0 ./Drivers/STM32F4xx_HAL_Driver/Src/stm32f4xx_hal_spi.o

.debug_macro    0x00000000    0x23162
 .debug_macro   0x00000000       0x72 ./Core/Src/font.o
 .debug_macro   0x00000072      0xab4 ./Core/Src/font.o
 .debug_macro   0x00000b26       0x22 ./Core/Src/font.o
 .debug_macro   0x00000b48       0x8e ./Core/Src/font.o
 .debug_macro   0x00000bd6       0x51 ./Core/Src/font.o
 .debug_macro   0x00000c27      0x103 ./Core/Src/font.o
 .debug_macro   0x00000d2a       0x6a ./Core/Src/font.o
 .debug_macro   0x00000d94      0x1df ./Core/Src/font.o
 .debug_macro   0x00000f73       0x34 ./Core/Src/font.o
 .debug_macro   0x00000fa7       0xbe ./Core/Src/graficos.o
 .debug_macro   0x00001065       0x5b ./Core/Src/graficos.o
 .debug_macro   0x000010c0       0x2a ./Core/Src/graficos.o
 .debug_macro   0x000010ea       0x94 ./Core/Src/graficos.o
 .debug_macro   0x0000117e       0x43 ./Core/Src/graficos.o
 .debug_macro   0x000011c1       0x3a ./Core/Src/graficos.o
 .debug_macro   0x000011fb       0x57 ./Core/Src/graficos.o
 .debug_macro   0x00001252       0x89 ./Core/Src/graficos.o
 .debug_macro   0x000012db      0x460 ./Core/Src/graficos.o
 .debug_macro   0x0000173b      0x1a7 ./Core/Src/graficos.o
 .debug_macro   0x000018e2      0x334 ./Core/Src/ili9341.o
 .debug_macro   0x00001c16       0x34 ./Core/Src/ili9341.o
 .debug_macro   0x00001c4a       0x16 ./Core/Src/ili9341.o
 .debug_macro   0x00001c60      0x11c ./Core/Src/ili9341.o
 .debug_macro   0x00001d7c       0x94 ./Core/Src/ili9341.o
 .debug_macro   0x00001e10       0x16 ./Core/Src/ili9341.o
 .debug_macro   0x00001e26       0x43 ./Core/Src/ili9341.o
 .debug_macro   0x00001e69       0x34 ./Core/Src/ili9341.o
 .debug_macro   0x00001e9d       0x10 ./Core/Src/ili9341.o
 .debug_macro   0x00001ead       0x58 ./Core/Src/ili9341.o
 .debug_macro   0x00001f05       0x8e ./Core/Src/ili9341.o
 .debug_macro   0x00001f93       0x1c ./Core/Src/ili9341.o
 .debug_macro   0x00001faf      0x177 ./Core/Src/ili9341.o
 .debug_macro   0x00002126      0x369 ./Core/Src/ili9341.o
 .debug_macro   0x0000248f       0x16 ./Core/Src/ili9341.o
 .debug_macro   0x000024a5       0x29 ./Core/Src/ili9341.o
 .debug_macro   0x000024ce       0x16 ./Core/Src/ili9341.o
 .debug_macro   0x000024e4       0x35 ./Core/Src/ili9341.o
 .debug_macro   0x00002519       0x20 ./Core/Src/ili9341.o
 .debug_macro   0x00002539      0x118 ./Core/Src/ili9341.o
 .debug_macro   0x00002651       0x3a ./Core/Src/ili9341.o
 .debug_macro   0x0000268b      0x29b ./Core/Src/ili9341.o
 .debug_macro   0x00002926       0x2e ./Core/Src/ili9341.o
 .debug_macro   0x00002954       0x28 ./Core/Src/ili9341.o
 .debug_macro   0x0000297c       0x1c ./Core/Src/ili9341.o
 .debug_macro   0x00002998       0x22 ./Core/Src/ili9341.o
 .debug_macro   0x000029ba       0xfb ./Core/Src/ili9341.o
 .debug_macro   0x00002ab5     0x1011 ./Core/Src/ili9341.o
 .debug_macro   0x00003ac6      0x11f ./Core/Src/ili9341.o
 .debug_macro   0x00003be5    0x16749 ./Core/Src/ili9341.o
 .debug_macro   0x0001a32e       0x6d ./Core/Src/ili9341.o
 .debug_macro   0x0001a39b     0x368c ./Core/Src/ili9341.o
 .debug_macro   0x0001da27       0x56 ./Core/Src/ili9341.o
 .debug_macro   0x0001da7d      0xca5 ./Core/Src/ili9341.o
 .debug_macro   0x0001e722      0x9e9 ./Core/Src/ili9341.o
 .debug_macro   0x0001f10b      0x115 ./Core/Src/ili9341.o
 .debug_macro   0x0001f220      0x1a0 ./Core/Src/ili9341.o
 .debug_macro   0x0001f3c0       0xa5 ./Core/Src/ili9341.o
 .debug_macro   0x0001f465      0x16d ./Core/Src/ili9341.o
 .debug_macro   0x0001f5d2      0x287 ./Core/Src/ili9341.o
 .debug_macro   0x0001f859       0x5f ./Core/Src/ili9341.o
 .debug_macro   0x0001f8b8      0x236 ./Core/Src/ili9341.o
 .debug_macro   0x0001faee      0xb5b ./Core/Src/ili9341.o
 .debug_macro   0x00020649      0x38b ./Core/Src/ili9341.o
 .debug_macro   0x000209d4      0x17d ./Core/Src/ili9341.o
 .debug_macro   0x00020b51       0xf9 ./Core/Src/ili9341.o
 .debug_macro   0x00020c4a      0x132 ./Core/Src/ili9341.o
 .debug_macro   0x00020d7c      0x29c ./Core/Src/ili9341.o
 .debug_macro   0x00021018       0x2e ./Core/Src/ili9341.o
 .debug_macro   0x00021046      0x127 ./Core/Src/ili9341.o
 .debug_macro   0x0002116d       0xe8 ./Core/Src/ili9341.o
 .debug_macro   0x00021255       0x89 ./Core/Src/ili9341.o
 .debug_macro   0x000212de      0x225 ./Core/Src/ili9341.o
 .debug_macro   0x00021503      0x126 ./Core/Src/ili9341.o
 .debug_macro   0x00021629       0xac ./Core/Src/ili9341.o
 .debug_macro   0x000216d5      0x319 ./Core/Src/main.o
 .debug_macro   0x000219ee      0x189 ./Core/Src/main.o
 .debug_macro   0x00021b77       0x5c ./Core/Src/main.o
 .debug_macro   0x00021bd3       0x61 ./Core/Src/main.o
 .debug_macro   0x00021c34       0x16 ./Core/Src/main.o
 .debug_macro   0x00021c4a       0x10 ./Core/Src/main.o
 .debug_macro   0x00021c5a       0x16 ./Core/Src/main.o
 .debug_macro   0x00021c70       0x16 ./Core/Src/main.o
 .debug_macro   0x00021c86      0x146 ./Core/Src/main.o
 .debug_macro   0x00021dcc      0x1f1 ./Core/Src/stm32f4xx_hal_msp.o
 .debug_macro   0x00021fbd      0x1fb ./Core/Src/stm32f4xx_it.o
 .debug_macro   0x000221b8      0x1e2 ./Core/Src/system_stm32f4xx.o
 .debug_macro   0x0002239a      0x242 ./Drivers/STM32F4xx_HAL_Driver/Src/stm32f4xx_hal.o
 .debug_macro   0x000225dc      0x1e3 ./Drivers/STM32F4xx_HAL_Driver/Src/stm32f4xx_hal_adc.o
 .debug_macro   0x000227bf      0x1e2 ./Drivers/STM32F4xx_HAL_Driver/Src/stm32f4xx_hal_cortex.o
 .debug_macro   0x000229a1      0x1e8 ./Drivers/STM32F4xx_HAL_Driver/Src/stm32f4xx_hal_gpio.o
 .debug_macro   0x00022b89      0x206 ./Drivers/STM32F4xx_HAL_Driver/Src/stm32f4xx_hal_rcc.o
 .debug_macro   0x00022d8f      0x1e2 ./Drivers/STM32F4xx_HAL_Driver/Src/stm32f4xx_hal_rcc_ex.o
 .debug_macro   0x00022f71      0x1f1 ./Drivers/STM32F4xx_HAL_Driver/Src/stm32f4xx_hal_spi.o

.debug_line     0x00000000     0xb5c3
 .debug_line    0x00000000      0x410 ./Core/Src/font.o
 .debug_line    0x00000410      0x52c ./Core/Src/graficos.o
 .debug_line    0x0000093c      0xe69 ./Core/Src/ili9341.o
 .debug_line    0x000017a5      0xff4 ./Core/Src/main.o
 .debug_line    0x00002799      0x804 ./Core/Src/stm32f4xx_hal_msp.o
 .debug_line    0x00002f9d      0x826 ./Core/Src/stm32f4xx_it.o
 .debug_line    0x000037c3      0x7e8 ./Core/Src/system_stm32f4xx.o
 .debug_line    0x00003fab       0x7a ./Core/Startup/startup_stm32f446retx.o
 .debug_line    0x00004025      0xa51 ./Drivers/STM32F4xx_HAL_Driver/Src/stm32f4xx_hal.o
 .debug_line    0x00004a76     0x12e5 ./Drivers/STM32F4xx_HAL_Driver/Src/stm32f4xx_hal_adc.o
 .debug_line    0x00005d5b      0xd19 ./Drivers/STM32F4xx_HAL_Driver/Src/stm32f4xx_hal_cortex.o
 .debug_line    0x00006a74      0xbc9 ./Drivers/STM32F4xx_HAL_Driver/Src/stm32f4xx_hal_gpio.o
 .debug_line    0x0000763d      0xdce ./Drivers/STM32F4xx_HAL_Driver/Src/stm32f4xx_hal_rcc.o
 .debug_line    0x0000840b     0x146c ./Drivers/STM32F4xx_HAL_Driver/Src/stm32f4xx_hal_rcc_ex.o
 .debug_line    0x00009877     0x1d4c ./Drivers/STM32F4xx_HAL_Driver/Src/stm32f4xx_hal_spi.o

.debug_str      0x00000000    0xd66a3
 .debug_str     0x00000000     0x3c88 ./Core/Src/font.o
                               0x3df9 (size before relaxing)
 .debug_str     0x00003c88     0x2089 ./Core/Src/graficos.o
                               0x5d7a (size before relaxing)
 .debug_str     0x00005d11    0xcd819 ./Core/Src/ili9341.o
                              0xd36e5 (size before relaxing)
 .debug_str     0x000d352a     0x1220 ./Core/Src/main.o
                              0xd2ce9 (size before relaxing)
 .debug_str     0x000d474a       0x8a ./Core/Src/stm32f4xx_hal_msp.o
                              0xceb13 (size before relaxing)
 .debug_str     0x000d47d4       0xc9 ./Core/Src/stm32f4xx_it.o
                              0xce3cc (size before relaxing)
 .debug_str     0x000d489d       0xdb ./Core/Src/system_stm32f4xx.o
                              0xce2a3 (size before relaxing)
 .debug_str     0x000d4978       0x44 ./Core/Startup/startup_stm32f446retx.o
                                 0x8c (size before relaxing)
 .debug_str     0x000d49bc      0xb24 ./Drivers/STM32F4xx_HAL_Driver/Src/stm32f4xx_hal.o
                              0xcee68 (size before relaxing)
 .debug_str     0x000d54e0      0x28a ./Drivers/STM32F4xx_HAL_Driver/Src/stm32f4xx_hal_adc.o
                              0xce86b (size before relaxing)
 .debug_str     0x000d576a      0x35a ./Drivers/STM32F4xx_HAL_Driver/Src/stm32f4xx_hal_cortex.o
                              0xceb8d (size before relaxing)
 .debug_str     0x000d5ac4      0x110 ./Drivers/STM32F4xx_HAL_Driver/Src/stm32f4xx_hal_gpio.o
                              0xce41e (size before relaxing)
 .debug_str     0x000d5bd4      0x233 ./Drivers/STM32F4xx_HAL_Driver/Src/stm32f4xx_hal_rcc.o
                              0xce6dc (size before relaxing)
 .debug_str     0x000d5e07      0x324 ./Drivers/STM32F4xx_HAL_Driver/Src/stm32f4xx_hal_rcc_ex.o
                              0xce70f (size before relaxing)
 .debug_str     0x000d612b      0x578 ./Drivers/STM32F4xx_HAL_Driver/Src/stm32f4xx_hal_spi.o
                              0xceb42 (size before relaxing)

.comment        0x00000000       0x43
 .comment       0x00000000       0x43 ./Core/Src/font.o
                                 0x44 (size before relaxing)
 .comment       0x00000043       0x44 ./Core/Src/graficos.o
 .comment       0x00000043       0x44 ./Core/Src/ili9341.o
 .comment       0x00000043       0x44 ./Core/Src/main.o
 .comment       0x00000043       0x44 ./Core/Src/stm32f4xx_hal_msp.o
 .comment       0x00000043       0x44 ./Core/Src/stm32f4xx_it.o
 .comment       0x00000043       0x44 ./Core/Src/system_stm32f4xx.o
 .comment       0x00000043       0x44 ./Drivers/STM32F4xx_HAL_Driver/Src/stm32f4xx_hal.o
 .comment       0x00000043       0x44 ./Drivers/STM32F4xx_HAL_Driver/Src/stm32f4xx_hal_adc.o
 .comment       0x00000043       0x44 ./Drivers/STM32F4xx_HAL_Driver/Src/stm32f4xx_hal_cortex.o
 .comment       0x00000043       0x44 ./Drivers/STM32F4xx_HAL_Driver/Src/stm32f4xx_hal_gpio.o
 .comment       0x00000043       0x44 ./Drivers/STM32F4xx_HAL_Driver/Src/stm32f4xx_hal_rcc.o
 .comment       0x00000043       0x44 ./Drivers/STM32F4xx_HAL_Driver/Src/stm32f4xx_hal_rcc_ex.o
 .comment       0x00000043       0x44 ./Drivers/STM32F4xx_HAL_Driver/Src/stm32f4xx_hal_spi.o

.debug_rnglists
                0x00000000      0x632
 .debug_rnglists
                0x00000000       0x60 ./Core/Src/ili9341.o
 .debug_rnglists
                0x00000060       0x85 ./Core/Src/main.o
 .debug_rnglists
                0x000000e5       0x2d ./Core/Src/stm32f4xx_hal_msp.o
 .debug_rnglists
                0x00000112       0x43 ./Core/Src/stm32f4xx_it.o
 .debug_rnglists
                0x00000155       0x1a ./Core/Src/system_stm32f4xx.o
 .debug_rnglists
                0x0000016f       0x19 ./Core/Startup/startup_stm32f446retx.o
 .debug_rnglists
                0x00000188       0xaf ./Drivers/STM32F4xx_HAL_Driver/Src/stm32f4xx_hal.o
 .debug_rnglists
                0x00000237       0xb5 ./Drivers/STM32F4xx_HAL_Driver/Src/stm32f4xx_hal_adc.o
 .debug_rnglists
                0x000002ec       0xd4 ./Drivers/STM32F4xx_HAL_Driver/Src/stm32f4xx_hal_cortex.o
 .debug_rnglists
                0x000003c0       0x3f ./Drivers/STM32F4xx_HAL_Driver/Src/stm32f4xx_hal_gpio.o
 .debug_rnglists
                0x000003ff       0x66 ./Drivers/STM32F4xx_HAL_Driver/Src/stm32f4xx_hal_rcc.o
 .debug_rnglists
                0x00000465       0x5e ./Drivers/STM32F4xx_HAL_Driver/Src/stm32f4xx_hal_rcc_ex.o
 .debug_rnglists
                0x000004c3      0x16f ./Drivers/STM32F4xx_HAL_Driver/Src/stm32f4xx_hal_spi.o

.debug_frame    0x00000000     0x20ac
 .debug_frame   0x00000000      0x1c4 ./Core/Src/ili9341.o
 .debug_frame   0x000001c4      0x2a0 ./Core/Src/main.o
 .debug_frame   0x00000464       0xc8 ./Core/Src/stm32f4xx_hal_msp.o
 .debug_frame   0x0000052c      0x104 ./Core/Src/stm32f4xx_it.o
 .debug_frame   0x00000630       0x58 ./Core/Src/system_stm32f4xx.o
 .debug_frame   0x00000688      0x374 ./Drivers/STM32F4xx_HAL_Driver/Src/stm32f4xx_hal.o
 .debug_frame   0x000009fc      0x3fc ./Drivers/STM32F4xx_HAL_Driver/Src/stm32f4xx_hal_adc.o
 .debug_frame   0x00000df8      0x4b8 ./Drivers/STM32F4xx_HAL_Driver/Src/stm32f4xx_hal_cortex.o
 .debug_frame   0x000012b0      0x14c ./Drivers/STM32F4xx_HAL_Driver/Src/stm32f4xx_hal_gpio.o
 .debug_frame   0x000013fc      0x1f4 ./Drivers/STM32F4xx_HAL_Driver/Src/stm32f4xx_hal_rcc.o
 .debug_frame   0x000015f0      0x1e8 ./Drivers/STM32F4xx_HAL_Driver/Src/stm32f4xx_hal_rcc_ex.o
 .debug_frame   0x000017d8      0x828 ./Drivers/STM32F4xx_HAL_Driver/Src/stm32f4xx_hal_spi.o
 .debug_frame   0x00002000       0x20 C:/ST/STM32CubeIDE_1.16.0/STM32CubeIDE/plugins/com.st.stm32cube.ide.mcu.externaltools.gnu-tools-for-stm32.12.3.rel1.win32_1.0.200.202406191623/tools/bin/../lib/gcc/arm-none-eabi/12.3.1/../../../../arm-none-eabi/lib/thumb/v7e-m+fp/hard\libc_nano.a(libc_a-memset.o)
 .debug_frame   0x00002020       0x2c C:/ST/STM32CubeIDE_1.16.0/STM32CubeIDE/plugins/com.st.stm32cube.ide.mcu.externaltools.gnu-tools-for-stm32.12.3.rel1.win32_1.0.200.202406191623/tools/bin/../lib/gcc/arm-none-eabi/12.3.1/../../../../arm-none-eabi/lib/thumb/v7e-m+fp/hard\libc_nano.a(libc_a-init.o)
 .debug_frame   0x0000204c       0x2c C:/ST/STM32CubeIDE_1.16.0/STM32CubeIDE/plugins/com.st.stm32cube.ide.mcu.externaltools.gnu-tools-for-stm32.12.3.rel1.win32_1.0.200.202406191623/tools/bin/../lib/gcc/arm-none-eabi/12.3.1/thumb/v7e-m+fp/hard\libgcc.a(_aeabi_uldivmod.o)
 .debug_frame   0x00002078       0x34 C:/ST/STM32CubeIDE_1.16.0/STM32CubeIDE/plugins/com.st.stm32cube.ide.mcu.externaltools.gnu-tools-for-stm32.12.3.rel1.win32_1.0.200.202406191623/tools/bin/../lib/gcc/arm-none-eabi/12.3.1/thumb/v7e-m+fp/hard\libgcc.a(_udivmoddi4.o)

.debug_line_str
                0x00000000       0x70
 .debug_line_str
                0x00000000       0x70 ./Core/Startup/startup_stm32f446retx.o
