../Core/Src/main.c:128:5:Read_ADC	40	static
../Core/Src/main.c:144:6:startGame	16	static
../Core/Src/main.c:227:6:drawMenu	16	static
../Core/Src/main.c:241:6:animarDecoracion	32	static
../Core/Src/main.c:253:6:menuSelection	40	static
../Core/Src/main.c:298:6:matarPato	48	static
../Core/Src/main.c:328:6:patorojo	16	static
../Core/Src/main.c:349:6:caerPato	40	static
../Core/Src/main.c:408:6:moverPato	48	static
../Core/Src/main.c:478:6:matarPato2	40	static
../Core/Src/main.c:489:6:caerPato2	40	static
../Core/Src/main.c:520:6:moverMira	48	static
../Core/Src/main.c:576:5:main	16	static
../Core/Src/main.c:630:6:SystemClock_Config	88	static
../Core/Src/main.c:678:13:MX_ADC1_Init	24	static
../Core/Src/main.c:730:13:MX_SPI1_Init	8	static
../Core/Src/main.c:768:13:MX_GPIO_Init	48	static
../Core/Src/main.c:834:6:Error_Handler	4	static,ignoring_inline_asm
